<html>
<body>
<pre>
<h1>µVision Build Log</h1>
<h2>Tool Versions:</h2>
IDE-Version: µVision V5.36.0.0
Copyright (C) 2021 ARM Ltd and ARM Germany GmbH. All rights reserved.
License Information: Alex Petrov, HTSTS, LIC=----
 
Tool Versions:
Toolchain:       MDK-Lite  Version: 5.36.0.0
Toolchain Path:  C:\Keil_v5\ARM\ARMCLANG\Bin
C Compiler:      ArmClang.exe V6.16
Assembler:       Armasm.exe V6.16
Linker/Locator:  ArmLink.exe V6.16
Library Manager: ArmAr.exe V6.16
Hex Converter:   FromElf.exe V6.16
CPU DLL:         SARMCM3.DLL V5.36.0.0
Dialog DLL:      DARMCM1.DLL V1.19.4.0
Target DLL:      UL2CM3.DLL V1.164.0.0
Dialog DLL:      TARMCM1.DLL V1.14.4.0
 
<h2>Project:</h2>
C:\Users\ASePetrov\projects\embdd\HELPER\K1986BE1Q1\testFreqCpu\testFreqCpu.uvprojx
Project File Date:  02/03/2022

<h2>Output:</h2>
*** Using Compiler 'V6.16', folder: 'C:\Keil_v5\ARM\ARMCLANG\Bin'
Build target 'Target 1'
testFreqCpu.c(1): warning: In file included from...
C:/Users/ASePetrov/AppData/Local/Arm/Packs/Keil/MDR1986BExx/2.0.3/Libraries/SPL/MDR32Fx/inc\MDR32F9Qx_rst_clk.h(32): warning: In file included from...
./RTE/Device/MDR1986BE1T\MDR32F9Qx_config.h(84): warning: In file included from...
C:/Users/ASePetrov/AppData/Local/Arm/Packs/Keil/MDR1986BExx/2.0.3/Libraries/CMSIS/MDR32Fx/DeviceSupport/MDR1986VE1T/inc\MDR1986VE1T.h(87): warning: In file included from...
C:/Users/ASePetrov/AppData/Local/Arm/Packs/Keil/MDR1986BExx/2.0.3/Libraries/CMSIS/MDR32Fx/CoreSupport/CM1\core_cm1.h(130): warning: In file included from...
C:/Users/ASePetrov/AppData/Local/Arm/Packs/Keil/MDR1986BExx/2.0.3/Libraries/CMSIS/MDR32Fx/CoreSupport/CM1\core_cmInstr.h(448): warning: implicit conversion changes signedness: 'uint32_t' (aka 'unsigned int') to 'int32_t' (aka 'int') [-Wsign-conversion]
  return(result);
  ~~~~~~ ^~~~~~
testFreqCpu.c(1): warning: In file included from...
C:/Users/ASePetrov/AppData/Local/Arm/Packs/Keil/MDR1986BExx/2.0.3/Libraries/SPL/MDR32Fx/inc\MDR32F9Qx_rst_clk.h(32): warning: In file included from...
./RTE/Device/MDR1986BE1T\MDR32F9Qx_config.h(84): warning: In file included from...
C:/Users/ASePetrov/AppData/Local/Arm/Packs/Keil/MDR1986BExx/2.0.3/Libraries/CMSIS/MDR32Fx/DeviceSupport/MDR1986VE1T/inc\MDR1986VE1T.h(87): warning: In file included from...
C:/Users/ASePetrov/AppData/Local/Arm/Packs/Keil/MDR1986BExx/2.0.3/Libraries/CMSIS/MDR32Fx/CoreSupport/CM1\core_cm1.h(588): warning: implicit conversion changes signedness: 'int' to 'unsigned int' [-Wsign-conversion]
    SCB->SHP[_SHP_IDX(IRQn)] = (SCB->SHP[_SHP_IDX(IRQn)] & ~(0xFF << _BIT_SHIFT(IRQn))) |
                                                         ~ ^~~~~~~~~~~~~~~~~~~~~~~~~~~
C:/Users/ASePetrov/AppData/Local/Arm/Packs/Keil/MDR1986BExx/2.0.3/Libraries/CMSIS/MDR32Fx/CoreSupport/CM1\core_cm1.h(591): warning: implicit conversion changes signedness: 'int' to 'unsigned int' [-Wsign-conversion]
    NVIC->IP[_IP_IDX(IRQn)] = (NVIC->IP[_IP_IDX(IRQn)] & ~(0xFF << _BIT_SHIFT(IRQn))) |
                                                       ~ ^~~~~~~~~~~~~~~~~~~~~~~~~~~
C:/Users/ASePetrov/AppData/Local/Arm/Packs/Keil/MDR1986BExx/2.0.3/Libraries/CMSIS/MDR32Fx/CoreSupport/CM1\core_cm1.h(622): warning: function 'NVIC_SystemReset' could be declared with attribute 'noreturn' [-Wmissing-noreturn]
{
^
testFreqCpu.c(39): warning: 'return' will never be executed [-Wunreachable-code-return]
        return 0;
               ^
5 warnings generated.
compiling testFreqCpu.c...
linking...
Program Size: Code=1328 RO-data=224 RW-data=4 ZI-data=8288  
FromELF: creating hex file...
".\Objects\testFreqCpu.axf" - 0 Error(s), 5 Warning(s).

<h2>Software Packages used:</h2>

Package Vendor: Keil
                https://ic.milandr.ru/soft/Keil.MDR1986BExx.2.0.3.pack
                Keil.MDR1986BExx.2.0.3
                Milandr MDR1986BExx Series Device Support, Drivers and Examples
   * Component: Startup Variant: 1. Rev.6+ Version: 2.0.3
   * Component: RST_CLK Version: 2.0.3

<h2>Collection of Component include folders:</h2>
  .\RTE\Device\MDR1986BE1T
  .\RTE\_Target_1
  C:\Users\ASePetrov\AppData\Local\Arm\Packs\Keil\MDR1986BExx\2.0.3\Libraries\CMSIS\MDR32Fx\CoreSupport\CM1
  C:\Users\ASePetrov\AppData\Local\Arm\Packs\Keil\MDR1986BExx\2.0.3\Libraries\CMSIS\MDR32Fx\DeviceSupport\MDR1986VE1T\inc
  C:\Users\ASePetrov\AppData\Local\Arm\Packs\Keil\MDR1986BExx\2.0.3\Libraries\SPL\MDR32Fx\inc

<h2>Collection of Component Files used:</h2>

   * Component: Keil::Device:Startup:1. Rev.6+:2.0.3
      Source file:   Libraries\CMSIS\MDR32Fx\DeviceSupport\MDR1986VE1T\startup\arm\startup_MDR1986VE1T.S
      Include file:  Libraries\CMSIS\MDR32Fx\DeviceSupport\MDR1986VE1T\inc\MDR1986VE1T.h
      Source file:   Libraries\SPL\MDR32Fx\src\IRQ_Handler_Template\MDR1986VE1T_IT.c
      Include file:  Libraries\SPL\MDR32Fx\inc\IRQ_Handler_Template\MDR1986VE1T_IT.h
      Include file:  Libraries\SPL\MDR32Fx\MDR32F9Qx_config.h
      Include file:  Libraries\CMSIS\MDR32Fx\DeviceSupport\MDR1986VE1T\startup\arm\system_MDR1986VE1T.h
      Include file:  Libraries\CMSIS\MDR32Fx\CoreSupport\CM1\core_cm1.h
      Source file:   Libraries\CMSIS\MDR32Fx\DeviceSupport\MDR1986VE1T\startup\arm\system_MDR1986VE1T.c

   * Component: Keil::Drivers:RST_CLK:2.0.3
      Source file:   Libraries\SPL\MDR32Fx\src\MDR32F9Qx_rst_clk.c
      Include file:  Libraries\SPL\MDR32Fx\inc\MDR32F9Qx_rst_clk.h
Build Time Elapsed:  00:00:00
</pre>
</body>
</html>
