Component: ARM Compiler 6.16 Tool: armlink [5dfeaa00]

==============================================================================

Section Cross References

    testfreqcpu.o(.text.main) refers to mdr32f9qx_rst_clk.o(.text.RST_CLK_PCLKcmd) for RST_CLK_PCLKcmd
    testfreqcpu.o(.text.main) refers to mdr32f9qx_rst_clk.o(.text.RST_CLK_HSIcmd) for RST_CLK_HSIcmd
    testfreqcpu.o(.text.main) refers to mdr32f9qx_rst_clk.o(.text.RST_CLK_HSIstatus) for RST_CLK_HSIstatus
    testfreqcpu.o(.text.main) refers to mdr32f9qx_rst_clk.o(.text.RST_CLK_CPU_PLLstatus) for RST_CLK_CPU_PLLstatus
    testfreqcpu.o(.ARM.exidx.text.main) refers to testfreqcpu.o(.text.main) for [Anonymous Symbol]
    testfreqcpu.o(.text.freqHsiCpuSet) refers to mdr32f9qx_rst_clk.o(.text.RST_CLK_PCLKcmd) for RST_CLK_PCLKcmd
    testfreqcpu.o(.text.freqHsiCpuSet) refers to mdr32f9qx_rst_clk.o(.text.RST_CLK_HSIcmd) for RST_CLK_HSIcmd
    testfreqcpu.o(.text.freqHsiCpuSet) refers to mdr32f9qx_rst_clk.o(.text.RST_CLK_HSIstatus) for RST_CLK_HSIstatus
    testfreqcpu.o(.text.freqHsiCpuSet) refers to mdr32f9qx_rst_clk.o(.text.RST_CLK_CPU_PLLstatus) for RST_CLK_CPU_PLLstatus
    testfreqcpu.o(.ARM.exidx.text.freqHsiCpuSet) refers to testfreqcpu.o(.text.freqHsiCpuSet) for [Anonymous Symbol]
    testfreqcpu.o(.ARM.exidx.text.countRegulatorValue) refers to testfreqcpu.o(.text.countRegulatorValue) for [Anonymous Symbol]
    startup_mdr1986ve1t.o(STACK) refers (Special) to heapauxi.o(.text) for __use_two_region_memory
    startup_mdr1986ve1t.o(HEAP) refers (Special) to heapauxi.o(.text) for __use_two_region_memory
    startup_mdr1986ve1t.o(RESET) refers (Special) to heapauxi.o(.text) for __use_two_region_memory
    startup_mdr1986ve1t.o(RESET) refers to startup_mdr1986ve1t.o(STACK) for __initial_sp
    startup_mdr1986ve1t.o(RESET) refers to startup_mdr1986ve1t.o(.text) for Reset_Handler
    startup_mdr1986ve1t.o(.text) refers (Special) to heapauxi.o(.text) for __use_two_region_memory
    startup_mdr1986ve1t.o(.text) refers to system_mdr1986ve1t.o(.text.SystemInit) for SystemInit
    startup_mdr1986ve1t.o(.text) refers to __main.o(!!!main) for __main
    startup_mdr1986ve1t.o(.text) refers to startup_mdr1986ve1t.o(HEAP) for Heap_Mem
    startup_mdr1986ve1t.o(.text) refers to startup_mdr1986ve1t.o(STACK) for Stack_Mem
    system_mdr1986ve1t.o(.text.SystemCoreClockUpdate) refers to aeabi_sdivfast.o(.text_divfast) for __aeabi_uidiv
    system_mdr1986ve1t.o(.text.SystemCoreClockUpdate) refers to system_mdr1986ve1t.o(.data.SystemCoreClock) for SystemCoreClock
    system_mdr1986ve1t.o(.ARM.exidx.text.SystemCoreClockUpdate) refers to system_mdr1986ve1t.o(.text.SystemCoreClockUpdate) for [Anonymous Symbol]
    system_mdr1986ve1t.o(.text.SystemInit) refers to aeabi_sdivfast.o(.text_divfast) for __aeabi_uidiv
    system_mdr1986ve1t.o(.text.SystemInit) refers to system_mdr1986ve1t.o(.data.SystemCoreClock) for SystemCoreClock
    system_mdr1986ve1t.o(.ARM.exidx.text.SystemInit) refers to system_mdr1986ve1t.o(.text.SystemInit) for [Anonymous Symbol]
    mdr32f9qx_rst_clk.o(.ARM.exidx.text.RST_CLK_DeInit) refers to mdr32f9qx_rst_clk.o(.text.RST_CLK_DeInit) for [Anonymous Symbol]
    mdr32f9qx_rst_clk.o(.ARM.exidx.text.RST_CLK_WarmDeInit) refers to mdr32f9qx_rst_clk.o(.text.RST_CLK_WarmDeInit) for [Anonymous Symbol]
    mdr32f9qx_rst_clk.o(.ARM.exidx.text.RST_CLK_PCLKcmd) refers to mdr32f9qx_rst_clk.o(.text.RST_CLK_PCLKcmd) for [Anonymous Symbol]
    mdr32f9qx_rst_clk.o(.ARM.exidx.text.RST_CLK_HSIcmd) refers to mdr32f9qx_rst_clk.o(.text.RST_CLK_HSIcmd) for [Anonymous Symbol]
    mdr32f9qx_rst_clk.o(.ARM.exidx.text.RST_CLK_HSIstatus) refers to mdr32f9qx_rst_clk.o(.text.RST_CLK_HSIstatus) for [Anonymous Symbol]
    mdr32f9qx_rst_clk.o(.ARM.exidx.text.RST_CLK_CPUclkSelection) refers to mdr32f9qx_rst_clk.o(.text.RST_CLK_CPUclkSelection) for [Anonymous Symbol]
    mdr32f9qx_rst_clk.o(.ARM.exidx.text.RST_CLK_HSEconfig) refers to mdr32f9qx_rst_clk.o(.text.RST_CLK_HSEconfig) for [Anonymous Symbol]
    mdr32f9qx_rst_clk.o(.ARM.exidx.text.RST_CLK_HSEstatus) refers to mdr32f9qx_rst_clk.o(.text.RST_CLK_HSEstatus) for [Anonymous Symbol]
    mdr32f9qx_rst_clk.o(.ARM.exidx.text.RST_CLK_GetFlagStatus) refers to mdr32f9qx_rst_clk.o(.text.RST_CLK_GetFlagStatus) for [Anonymous Symbol]
    mdr32f9qx_rst_clk.o(.ARM.exidx.text.RST_CLK_HSE2config) refers to mdr32f9qx_rst_clk.o(.text.RST_CLK_HSE2config) for [Anonymous Symbol]
    mdr32f9qx_rst_clk.o(.ARM.exidx.text.RST_CLK_HSE2status) refers to mdr32f9qx_rst_clk.o(.text.RST_CLK_HSE2status) for [Anonymous Symbol]
    mdr32f9qx_rst_clk.o(.ARM.exidx.text.RST_CLK_LSEconfig) refers to mdr32f9qx_rst_clk.o(.text.RST_CLK_LSEconfig) for [Anonymous Symbol]
    mdr32f9qx_rst_clk.o(.ARM.exidx.text.RST_CLK_LSEstatus) refers to mdr32f9qx_rst_clk.o(.text.RST_CLK_LSEstatus) for [Anonymous Symbol]
    mdr32f9qx_rst_clk.o(.ARM.exidx.text.RST_CLK_HSIadjust) refers to mdr32f9qx_rst_clk.o(.text.RST_CLK_HSIadjust) for [Anonymous Symbol]
    mdr32f9qx_rst_clk.o(.ARM.exidx.text.RST_CLK_LSIcmd) refers to mdr32f9qx_rst_clk.o(.text.RST_CLK_LSIcmd) for [Anonymous Symbol]
    mdr32f9qx_rst_clk.o(.ARM.exidx.text.RST_CLK_LSIadjust) refers to mdr32f9qx_rst_clk.o(.text.RST_CLK_LSIadjust) for [Anonymous Symbol]
    mdr32f9qx_rst_clk.o(.ARM.exidx.text.RST_CLK_LSIstatus) refers to mdr32f9qx_rst_clk.o(.text.RST_CLK_LSIstatus) for [Anonymous Symbol]
    mdr32f9qx_rst_clk.o(.ARM.exidx.text.RST_CLK_CPU_PLLconfig) refers to mdr32f9qx_rst_clk.o(.text.RST_CLK_CPU_PLLconfig) for [Anonymous Symbol]
    mdr32f9qx_rst_clk.o(.ARM.exidx.text.RST_CLK_CPU_PLLuse) refers to mdr32f9qx_rst_clk.o(.text.RST_CLK_CPU_PLLuse) for [Anonymous Symbol]
    mdr32f9qx_rst_clk.o(.ARM.exidx.text.RST_CLK_CPU_PLLcmd) refers to mdr32f9qx_rst_clk.o(.text.RST_CLK_CPU_PLLcmd) for [Anonymous Symbol]
    mdr32f9qx_rst_clk.o(.ARM.exidx.text.RST_CLK_CPU_PLLstatus) refers to mdr32f9qx_rst_clk.o(.text.RST_CLK_CPU_PLLstatus) for [Anonymous Symbol]
    mdr32f9qx_rst_clk.o(.ARM.exidx.text.RST_CLK_CPUclkPrescaler) refers to mdr32f9qx_rst_clk.o(.text.RST_CLK_CPUclkPrescaler) for [Anonymous Symbol]
    mdr32f9qx_rst_clk.o(.ARM.exidx.text.RST_CLK_USB_PLLconfig) refers to mdr32f9qx_rst_clk.o(.text.RST_CLK_USB_PLLconfig) for [Anonymous Symbol]
    mdr32f9qx_rst_clk.o(.ARM.exidx.text.RST_CLK_USB_PLLuse) refers to mdr32f9qx_rst_clk.o(.text.RST_CLK_USB_PLLuse) for [Anonymous Symbol]
    mdr32f9qx_rst_clk.o(.ARM.exidx.text.RST_CLK_USB_PLLcmd) refers to mdr32f9qx_rst_clk.o(.text.RST_CLK_USB_PLLcmd) for [Anonymous Symbol]
    mdr32f9qx_rst_clk.o(.ARM.exidx.text.RST_CLK_USB_PLLstatus) refers to mdr32f9qx_rst_clk.o(.text.RST_CLK_USB_PLLstatus) for [Anonymous Symbol]
    mdr32f9qx_rst_clk.o(.ARM.exidx.text.RST_CLK_USBclkPrescaler) refers to mdr32f9qx_rst_clk.o(.text.RST_CLK_USBclkPrescaler) for [Anonymous Symbol]
    mdr32f9qx_rst_clk.o(.ARM.exidx.text.RST_CLK_USBclkEnable) refers to mdr32f9qx_rst_clk.o(.text.RST_CLK_USBclkEnable) for [Anonymous Symbol]
    mdr32f9qx_rst_clk.o(.ARM.exidx.text.RST_CLK_ADCclkSelection) refers to mdr32f9qx_rst_clk.o(.text.RST_CLK_ADCclkSelection) for [Anonymous Symbol]
    mdr32f9qx_rst_clk.o(.ARM.exidx.text.RST_CLK_ADCclkPrescaler) refers to mdr32f9qx_rst_clk.o(.text.RST_CLK_ADCclkPrescaler) for [Anonymous Symbol]
    mdr32f9qx_rst_clk.o(.ARM.exidx.text.RST_CLK_ADCclkEnable) refers to mdr32f9qx_rst_clk.o(.text.RST_CLK_ADCclkEnable) for [Anonymous Symbol]
    mdr32f9qx_rst_clk.o(.ARM.exidx.text.RST_CLK_HSIclkPrescaler) refers to mdr32f9qx_rst_clk.o(.text.RST_CLK_HSIclkPrescaler) for [Anonymous Symbol]
    mdr32f9qx_rst_clk.o(.ARM.exidx.text.RST_CLK_RTC_HSIclkEnable) refers to mdr32f9qx_rst_clk.o(.text.RST_CLK_RTC_HSIclkEnable) for [Anonymous Symbol]
    mdr32f9qx_rst_clk.o(.ARM.exidx.text.RST_CLK_HSEclkPrescaler) refers to mdr32f9qx_rst_clk.o(.text.RST_CLK_HSEclkPrescaler) for [Anonymous Symbol]
    mdr32f9qx_rst_clk.o(.ARM.exidx.text.RST_CLK_RTC_HSEclkEnable) refers to mdr32f9qx_rst_clk.o(.text.RST_CLK_RTC_HSEclkEnable) for [Anonymous Symbol]
    mdr32f9qx_rst_clk.o(.ARM.exidx.text.RST_CLK_CPUclkSelectionC1) refers to mdr32f9qx_rst_clk.o(.text.RST_CLK_CPUclkSelectionC1) for [Anonymous Symbol]
    mdr32f9qx_rst_clk.o(.ARM.exidx.text.RST_CLK_GetClocksFreq) refers to mdr32f9qx_rst_clk.o(.text.RST_CLK_GetClocksFreq) for [Anonymous Symbol]
    __main.o(!!!main) refers to __rtentry.o(.ARM.Collect$$rtentry$$00000000) for __rt_entry
    __rtentry.o(.ARM.Collect$$rtentry$$00000000) refers (Special) to __rtentry2.o(.ARM.Collect$$rtentry$$0000000A) for __rt_entry_li
    __rtentry.o(.ARM.Collect$$rtentry$$00000000) refers (Special) to __rtentry2.o(.ARM.Collect$$rtentry$$0000000D) for __rt_entry_main
    __rtentry.o(.ARM.Collect$$rtentry$$00000000) refers (Special) to __rtentry2.o(.ARM.Collect$$rtentry$$0000000C) for __rt_entry_postli_1
    __rtentry.o(.ARM.Collect$$rtentry$$00000000) refers (Special) to __rtentry2.o(.ARM.Collect$$rtentry$$00000009) for __rt_entry_postsh_1
    __rtentry.o(.ARM.Collect$$rtentry$$00000000) refers (Special) to __rtentry2.o(.ARM.Collect$$rtentry$$00000002) for __rt_entry_presh_1
    __rtentry.o(.ARM.Collect$$rtentry$$00000000) refers (Special) to __rtentry4.o(.ARM.Collect$$rtentry$$00000004) for __rt_entry_sh
    aeabi_idiv0_sigfpe.o(.text) refers to rt_div0.o(.text) for __rt_div0
    __rtentry2.o(.ARM.Collect$$rtentry$$00000008) refers to boardinit2.o(.text) for _platform_post_stackheap_init
    __rtentry2.o(.ARM.Collect$$rtentry$$0000000A) refers to libinit.o(.ARM.Collect$$libinit$$00000000) for __rt_lib_init
    __rtentry2.o(.ARM.Collect$$rtentry$$0000000B) refers to boardinit3.o(.text) for _platform_post_lib_init
    __rtentry2.o(.ARM.Collect$$rtentry$$0000000D) refers to testfreqcpu.o(.text.main) for main
    __rtentry2.o(.ARM.Collect$$rtentry$$0000000D) refers to exit.o(.text) for exit
    __rtentry2.o(.ARM.exidx) refers to __rtentry2.o(.ARM.Collect$$rtentry$$00000001) for .ARM.Collect$$rtentry$$00000001
    __rtentry2.o(.ARM.exidx) refers to __rtentry2.o(.ARM.Collect$$rtentry$$00000008) for .ARM.Collect$$rtentry$$00000008
    __rtentry2.o(.ARM.exidx) refers to __rtentry2.o(.ARM.Collect$$rtentry$$0000000A) for .ARM.Collect$$rtentry$$0000000A
    __rtentry2.o(.ARM.exidx) refers to __rtentry2.o(.ARM.Collect$$rtentry$$0000000B) for .ARM.Collect$$rtentry$$0000000B
    __rtentry2.o(.ARM.exidx) refers to __rtentry2.o(.ARM.Collect$$rtentry$$0000000D) for .ARM.Collect$$rtentry$$0000000D
    __rtentry4.o(.ARM.Collect$$rtentry$$00000004) refers to sys_stackheap_outer.o(.text) for __user_setup_stackheap
    __rtentry4.o(.ARM.exidx) refers to __rtentry4.o(.ARM.Collect$$rtentry$$00000004) for .ARM.Collect$$rtentry$$00000004
    rt_div0.o(.text) refers to defsig_fpe_outer.o(.text) for __rt_SIGFPE
    sys_stackheap_outer.o(.text) refers to libspace.o(.text) for __user_perproc_libspace
    sys_stackheap_outer.o(.text) refers to startup_mdr1986ve1t.o(.text) for __user_initial_stackheap
    sys_stackheap_outer.o(__vectab_stack_and_reset_area) refers to tempstk.o(.text) for __temporary_stack_top
    sys_stackheap_outer.o(__vectab_stack_and_reset_area) refers to __main.o(!!!main) for __main
    exit.o(.text) refers to rtexit.o(.ARM.Collect$$rtexit$$00000000) for __rt_exit
    defsig_fpe_outer.o(.text) refers to defsig_fpe_inner.o(.text) for __rt_SIGFPE_inner
    defsig_fpe_outer.o(.text) refers to defsig_exit.o(.text) for __sig_exit
    defsig_fpe_formal.o(.text) refers to rt_raise.o(.text) for __rt_raise
    libinit.o(.ARM.Collect$$libinit$$00000000) refers (Special) to libinit2.o(.ARM.Collect$$libinit$$0000002E) for __rt_lib_init_alloca_1
    libinit.o(.ARM.Collect$$libinit$$00000000) refers (Special) to libinit2.o(.ARM.Collect$$libinit$$0000002C) for __rt_lib_init_argv_1
    libinit.o(.ARM.Collect$$libinit$$00000000) refers (Special) to libinit2.o(.ARM.Collect$$libinit$$0000001B) for __rt_lib_init_atexit_1
    libinit.o(.ARM.Collect$$libinit$$00000000) refers (Special) to libinit2.o(.ARM.Collect$$libinit$$00000021) for __rt_lib_init_clock_1
    libinit.o(.ARM.Collect$$libinit$$00000000) refers (Special) to libinit2.o(.ARM.Collect$$libinit$$00000032) for __rt_lib_init_cpp_1
    libinit.o(.ARM.Collect$$libinit$$00000000) refers (Special) to libinit2.o(.ARM.Collect$$libinit$$00000030) for __rt_lib_init_exceptions_1
    libinit.o(.ARM.Collect$$libinit$$00000000) refers (Special) to libinit2.o(.ARM.Collect$$libinit$$00000002) for __rt_lib_init_fp_1
    libinit.o(.ARM.Collect$$libinit$$00000000) refers (Special) to libinit2.o(.ARM.Collect$$libinit$$0000001F) for __rt_lib_init_fp_trap_1
    libinit.o(.ARM.Collect$$libinit$$00000000) refers (Special) to libinit2.o(.ARM.Collect$$libinit$$00000023) for __rt_lib_init_getenv_1
    libinit.o(.ARM.Collect$$libinit$$00000000) refers (Special) to libinit2.o(.ARM.Collect$$libinit$$0000000A) for __rt_lib_init_heap_1
    libinit.o(.ARM.Collect$$libinit$$00000000) refers (Special) to libinit2.o(.ARM.Collect$$libinit$$00000011) for __rt_lib_init_lc_collate_1
    libinit.o(.ARM.Collect$$libinit$$00000000) refers (Special) to libinit2.o(.ARM.Collect$$libinit$$00000013) for __rt_lib_init_lc_ctype_1
    libinit.o(.ARM.Collect$$libinit$$00000000) refers (Special) to libinit2.o(.ARM.Collect$$libinit$$00000015) for __rt_lib_init_lc_monetary_1
    libinit.o(.ARM.Collect$$libinit$$00000000) refers (Special) to libinit2.o(.ARM.Collect$$libinit$$00000017) for __rt_lib_init_lc_numeric_1
    libinit.o(.ARM.Collect$$libinit$$00000000) refers (Special) to libinit2.o(.ARM.Collect$$libinit$$00000019) for __rt_lib_init_lc_time_1
    libinit.o(.ARM.Collect$$libinit$$00000000) refers (Special) to libinit2.o(.ARM.Collect$$libinit$$00000004) for __rt_lib_init_preinit_1
    libinit.o(.ARM.Collect$$libinit$$00000000) refers (Special) to libinit2.o(.ARM.Collect$$libinit$$0000000E) for __rt_lib_init_rand_1
    libinit.o(.ARM.Collect$$libinit$$00000000) refers (Special) to libinit2.o(.ARM.Collect$$libinit$$00000033) for __rt_lib_init_return
    libinit.o(.ARM.Collect$$libinit$$00000000) refers (Special) to libinit2.o(.ARM.Collect$$libinit$$0000001D) for __rt_lib_init_signal_1
    libinit.o(.ARM.Collect$$libinit$$00000000) refers (Special) to libinit2.o(.ARM.Collect$$libinit$$00000025) for __rt_lib_init_stdio_1
    libinit.o(.ARM.Collect$$libinit$$00000000) refers (Special) to libinit2.o(.ARM.Collect$$libinit$$0000000C) for __rt_lib_init_user_alloc_1
    libspace.o(.text) refers to libspace.o(.bss) for __libspace_start
    rtexit.o(.ARM.Collect$$rtexit$$00000000) refers (Special) to rtexit2.o(.ARM.Collect$$rtexit$$00000004) for __rt_exit_exit
    rtexit.o(.ARM.Collect$$rtexit$$00000000) refers (Special) to rtexit2.o(.ARM.Collect$$rtexit$$00000003) for __rt_exit_ls
    rtexit.o(.ARM.Collect$$rtexit$$00000000) refers (Special) to rtexit2.o(.ARM.Collect$$rtexit$$00000002) for __rt_exit_prels_1
    rtexit.o(.ARM.exidx) refers (Special) to rtexit2.o(.ARM.Collect$$rtexit$$00000004) for __rt_exit_exit
    rtexit.o(.ARM.exidx) refers (Special) to rtexit2.o(.ARM.Collect$$rtexit$$00000003) for __rt_exit_ls
    rtexit.o(.ARM.exidx) refers (Special) to rtexit2.o(.ARM.Collect$$rtexit$$00000002) for __rt_exit_prels_1
    rtexit.o(.ARM.exidx) refers to rtexit.o(.ARM.Collect$$rtexit$$00000000) for .ARM.Collect$$rtexit$$00000000
    rt_raise.o(.text) refers to __raise.o(.text) for __raise
    rt_raise.o(.text) refers to sys_exit.o(.text) for _sys_exit
    defsig_exit.o(.text) refers to sys_exit.o(.text) for _sys_exit
    defsig_fpe_inner.o(.text) refers to defsig_general.o(.text) for __default_signal_display
    libinit2.o(.ARM.Collect$$libinit$$00000010) refers to libinit2.o(.ARM.Collect$$libinit$$0000000F) for .ARM.Collect$$libinit$$0000000F
    libinit2.o(.ARM.Collect$$libinit$$00000012) refers to libinit2.o(.ARM.Collect$$libinit$$0000000F) for .ARM.Collect$$libinit$$0000000F
    libinit2.o(.ARM.Collect$$libinit$$00000014) refers to libinit2.o(.ARM.Collect$$libinit$$0000000F) for .ARM.Collect$$libinit$$0000000F
    libinit2.o(.ARM.Collect$$libinit$$00000016) refers to libinit2.o(.ARM.Collect$$libinit$$0000000F) for .ARM.Collect$$libinit$$0000000F
    libinit2.o(.ARM.Collect$$libinit$$00000018) refers to libinit2.o(.ARM.Collect$$libinit$$0000000F) for .ARM.Collect$$libinit$$0000000F
    libinit2.o(.ARM.Collect$$libinit$$00000026) refers to argv_veneer.o(.text) for __ARM_argv_veneer
    libinit2.o(.ARM.Collect$$libinit$$00000027) refers to argv_veneer.o(.text) for __ARM_argv_veneer
    sys_exit.o(.text) refers (Special) to use_no_semi.o(.text) for __I$use$semihosting
    sys_exit.o(.text) refers (Special) to indicate_semi.o(.text) for __semihosting_library_function
    sys_exit_hlt.o(.text) refers (Special) to use_no_semi.o(.text) for __I$use$semihosting
    sys_exit_hlt.o(.text) refers (Special) to indicate_semi.o(.text) for __semihosting_library_function
    rtexit2.o(.ARM.Collect$$rtexit$$00000003) refers to libshutdown.o(.ARM.Collect$$libshutdown$$00000000) for __rt_lib_shutdown
    rtexit2.o(.ARM.Collect$$rtexit$$00000004) refers to sys_exit.o(.text) for _sys_exit
    rtexit2.o(.ARM.exidx) refers to rtexit2.o(.ARM.Collect$$rtexit$$00000001) for .ARM.Collect$$rtexit$$00000001
    rtexit2.o(.ARM.exidx) refers to rtexit2.o(.ARM.Collect$$rtexit$$00000003) for .ARM.Collect$$rtexit$$00000003
    rtexit2.o(.ARM.exidx) refers to rtexit2.o(.ARM.Collect$$rtexit$$00000004) for .ARM.Collect$$rtexit$$00000004
    __raise.o(.text) refers to defsig.o(CL$$defsig) for __default_signal_handler
    defsig_general.o(.text) refers to sys_wrch.o(.text) for _ttywrch
    sys_wrch.o(.text) refers (Special) to use_no_semi.o(.text) for __I$use$semihosting
    sys_wrch.o(.text) refers (Special) to indicate_semi.o(.text) for __semihosting_library_function
    sys_wrch_hlt.o(.text) refers (Special) to use_no_semi.o(.text) for __I$use$semihosting
    sys_wrch_hlt.o(.text) refers (Special) to indicate_semi.o(.text) for __semihosting_library_function
    defsig.o(CL$$defsig) refers to defsig_fpe_inner.o(.text) for __rt_SIGFPE_inner
    defsig.o(CL$$defsig) refers to defsig_rtmem_inner.o(.text) for __rt_SIGRTMEM_inner
    _get_argv_nomalloc.o(.text) refers (Special) to hrguard.o(.text) for __heap_region$guard
    _get_argv_nomalloc.o(.text) refers to defsig_rtmem_outer.o(.text) for __rt_SIGRTMEM
    _get_argv_nomalloc.o(.text) refers to sys_command.o(.text) for _sys_command_string
    libshutdown.o(.ARM.Collect$$libshutdown$$00000000) refers (Special) to libshutdown2.o(.ARM.Collect$$libshutdown$$00000002) for __rt_lib_shutdown_cpp_1
    libshutdown.o(.ARM.Collect$$libshutdown$$00000000) refers (Special) to libshutdown2.o(.ARM.Collect$$libshutdown$$00000007) for __rt_lib_shutdown_fp_trap_1
    libshutdown.o(.ARM.Collect$$libshutdown$$00000000) refers (Special) to libshutdown2.o(.ARM.Collect$$libshutdown$$0000000F) for __rt_lib_shutdown_heap_1
    libshutdown.o(.ARM.Collect$$libshutdown$$00000000) refers (Special) to libshutdown2.o(.ARM.Collect$$libshutdown$$00000010) for __rt_lib_shutdown_return
    libshutdown.o(.ARM.Collect$$libshutdown$$00000000) refers (Special) to libshutdown2.o(.ARM.Collect$$libshutdown$$0000000A) for __rt_lib_shutdown_signal_1
    libshutdown.o(.ARM.Collect$$libshutdown$$00000000) refers (Special) to libshutdown2.o(.ARM.Collect$$libshutdown$$00000004) for __rt_lib_shutdown_stdio_1
    libshutdown.o(.ARM.Collect$$libshutdown$$00000000) refers (Special) to libshutdown2.o(.ARM.Collect$$libshutdown$$0000000C) for __rt_lib_shutdown_user_alloc_1
    sys_command.o(.text) refers (Special) to use_no_semi.o(.text) for __I$use$semihosting
    sys_command.o(.text) refers (Special) to indicate_semi.o(.text) for __semihosting_library_function
    sys_command_hlt.o(.text) refers (Special) to use_no_semi.o(.text) for __I$use$semihosting
    sys_command_hlt.o(.text) refers (Special) to indicate_semi.o(.text) for __semihosting_library_function
    defsig_abrt_inner.o(.text) refers to defsig_general.o(.text) for __default_signal_display
    defsig_rtred_inner.o(.text) refers to defsig_general.o(.text) for __default_signal_display
    defsig_rtmem_inner.o(.text) refers to defsig_general.o(.text) for __default_signal_display
    defsig_rtmem_outer.o(.text) refers to defsig_rtmem_inner.o(.text) for __rt_SIGRTMEM_inner
    defsig_rtmem_outer.o(.text) refers to defsig_exit.o(.text) for __sig_exit
    defsig_rtmem_formal.o(.text) refers to rt_raise.o(.text) for __rt_raise
    defsig_stak_inner.o(.text) refers to defsig_general.o(.text) for __default_signal_display
    defsig_pvfn_inner.o(.text) refers to defsig_general.o(.text) for __default_signal_display
    defsig_cppl_inner.o(.text) refers to defsig_general.o(.text) for __default_signal_display
    defsig_segv_inner.o(.text) refers to defsig_general.o(.text) for __default_signal_display
    defsig_other.o(.text) refers to defsig_general.o(.text) for __default_signal_display


==============================================================================

Removing Unused input sections from the image.

    Removing testfreqcpu.o(.text), (0 bytes).
    Removing testfreqcpu.o(.ARM.exidx.text.main), (8 bytes).
    Removing testfreqcpu.o(.text.freqHsiCpuSet), (152 bytes).
    Removing testfreqcpu.o(.ARM.exidx.text.freqHsiCpuSet), (8 bytes).
    Removing testfreqcpu.o(.text.countRegulatorValue), (28 bytes).
    Removing testfreqcpu.o(.ARM.exidx.text.countRegulatorValue), (8 bytes).
    Removing testfreqcpu.o(.ARM.use_no_argv), (4 bytes).
    Removing system_mdr1986ve1t.o(.text), (0 bytes).
    Removing system_mdr1986ve1t.o(.text.SystemCoreClockUpdate), (132 bytes).
    Removing system_mdr1986ve1t.o(.ARM.exidx.text.SystemCoreClockUpdate), (8 bytes).
    Removing system_mdr1986ve1t.o(.ARM.exidx.text.SystemInit), (8 bytes).
    Removing mdr32f9qx_rst_clk.o(.text), (0 bytes).
    Removing mdr32f9qx_rst_clk.o(.text.RST_CLK_DeInit), (148 bytes).
    Removing mdr32f9qx_rst_clk.o(.ARM.exidx.text.RST_CLK_DeInit), (8 bytes).
    Removing mdr32f9qx_rst_clk.o(.text.RST_CLK_WarmDeInit), (124 bytes).
    Removing mdr32f9qx_rst_clk.o(.ARM.exidx.text.RST_CLK_WarmDeInit), (8 bytes).
    Removing mdr32f9qx_rst_clk.o(.ARM.exidx.text.RST_CLK_PCLKcmd), (8 bytes).
    Removing mdr32f9qx_rst_clk.o(.ARM.exidx.text.RST_CLK_HSIcmd), (8 bytes).
    Removing mdr32f9qx_rst_clk.o(.ARM.exidx.text.RST_CLK_HSIstatus), (8 bytes).
    Removing mdr32f9qx_rst_clk.o(.text.RST_CLK_CPUclkSelection), (20 bytes).
    Removing mdr32f9qx_rst_clk.o(.ARM.exidx.text.RST_CLK_CPUclkSelection), (8 bytes).
    Removing mdr32f9qx_rst_clk.o(.text.RST_CLK_HSEconfig), (36 bytes).
    Removing mdr32f9qx_rst_clk.o(.ARM.exidx.text.RST_CLK_HSEconfig), (8 bytes).
    Removing mdr32f9qx_rst_clk.o(.text.RST_CLK_HSEstatus), (44 bytes).
    Removing mdr32f9qx_rst_clk.o(.ARM.exidx.text.RST_CLK_HSEstatus), (8 bytes).
    Removing mdr32f9qx_rst_clk.o(.text.RST_CLK_GetFlagStatus), (36 bytes).
    Removing mdr32f9qx_rst_clk.o(.ARM.exidx.text.RST_CLK_GetFlagStatus), (8 bytes).
    Removing mdr32f9qx_rst_clk.o(.text.RST_CLK_HSE2config), (36 bytes).
    Removing mdr32f9qx_rst_clk.o(.ARM.exidx.text.RST_CLK_HSE2config), (8 bytes).
    Removing mdr32f9qx_rst_clk.o(.text.RST_CLK_HSE2status), (40 bytes).
    Removing mdr32f9qx_rst_clk.o(.ARM.exidx.text.RST_CLK_HSE2status), (8 bytes).
    Removing mdr32f9qx_rst_clk.o(.text.RST_CLK_LSEconfig), (36 bytes).
    Removing mdr32f9qx_rst_clk.o(.ARM.exidx.text.RST_CLK_LSEconfig), (8 bytes).
    Removing mdr32f9qx_rst_clk.o(.text.RST_CLK_LSEstatus), (44 bytes).
    Removing mdr32f9qx_rst_clk.o(.ARM.exidx.text.RST_CLK_LSEstatus), (8 bytes).
    Removing mdr32f9qx_rst_clk.o(.text.RST_CLK_HSIadjust), (24 bytes).
    Removing mdr32f9qx_rst_clk.o(.ARM.exidx.text.RST_CLK_HSIadjust), (8 bytes).
    Removing mdr32f9qx_rst_clk.o(.text.RST_CLK_LSIcmd), (28 bytes).
    Removing mdr32f9qx_rst_clk.o(.ARM.exidx.text.RST_CLK_LSIcmd), (8 bytes).
    Removing mdr32f9qx_rst_clk.o(.text.RST_CLK_LSIadjust), (24 bytes).
    Removing mdr32f9qx_rst_clk.o(.ARM.exidx.text.RST_CLK_LSIadjust), (8 bytes).
    Removing mdr32f9qx_rst_clk.o(.text.RST_CLK_LSIstatus), (44 bytes).
    Removing mdr32f9qx_rst_clk.o(.ARM.exidx.text.RST_CLK_LSIstatus), (8 bytes).
    Removing mdr32f9qx_rst_clk.o(.text.RST_CLK_CPU_PLLconfig), (56 bytes).
    Removing mdr32f9qx_rst_clk.o(.ARM.exidx.text.RST_CLK_CPU_PLLconfig), (8 bytes).
    Removing mdr32f9qx_rst_clk.o(.text.RST_CLK_CPU_PLLuse), (24 bytes).
    Removing mdr32f9qx_rst_clk.o(.ARM.exidx.text.RST_CLK_CPU_PLLuse), (8 bytes).
    Removing mdr32f9qx_rst_clk.o(.text.RST_CLK_CPU_PLLcmd), (24 bytes).
    Removing mdr32f9qx_rst_clk.o(.ARM.exidx.text.RST_CLK_CPU_PLLcmd), (8 bytes).
    Removing mdr32f9qx_rst_clk.o(.ARM.exidx.text.RST_CLK_CPU_PLLstatus), (8 bytes).
    Removing mdr32f9qx_rst_clk.o(.text.RST_CLK_CPUclkPrescaler), (20 bytes).
    Removing mdr32f9qx_rst_clk.o(.ARM.exidx.text.RST_CLK_CPUclkPrescaler), (8 bytes).
    Removing mdr32f9qx_rst_clk.o(.text.RST_CLK_USB_PLLconfig), (52 bytes).
    Removing mdr32f9qx_rst_clk.o(.ARM.exidx.text.RST_CLK_USB_PLLconfig), (8 bytes).
    Removing mdr32f9qx_rst_clk.o(.text.RST_CLK_USB_PLLuse), (24 bytes).
    Removing mdr32f9qx_rst_clk.o(.ARM.exidx.text.RST_CLK_USB_PLLuse), (8 bytes).
    Removing mdr32f9qx_rst_clk.o(.text.RST_CLK_USB_PLLcmd), (24 bytes).
    Removing mdr32f9qx_rst_clk.o(.ARM.exidx.text.RST_CLK_USB_PLLcmd), (8 bytes).
    Removing mdr32f9qx_rst_clk.o(.text.RST_CLK_USB_PLLstatus), (44 bytes).
    Removing mdr32f9qx_rst_clk.o(.ARM.exidx.text.RST_CLK_USB_PLLstatus), (8 bytes).
    Removing mdr32f9qx_rst_clk.o(.text.RST_CLK_USBclkPrescaler), (24 bytes).
    Removing mdr32f9qx_rst_clk.o(.ARM.exidx.text.RST_CLK_USBclkPrescaler), (8 bytes).
    Removing mdr32f9qx_rst_clk.o(.text.RST_CLK_USBclkEnable), (28 bytes).
    Removing mdr32f9qx_rst_clk.o(.ARM.exidx.text.RST_CLK_USBclkEnable), (8 bytes).
    Removing mdr32f9qx_rst_clk.o(.text.RST_CLK_ADCclkSelection), (20 bytes).
    Removing mdr32f9qx_rst_clk.o(.ARM.exidx.text.RST_CLK_ADCclkSelection), (8 bytes).
    Removing mdr32f9qx_rst_clk.o(.text.RST_CLK_ADCclkPrescaler), (24 bytes).
    Removing mdr32f9qx_rst_clk.o(.ARM.exidx.text.RST_CLK_ADCclkPrescaler), (8 bytes).
    Removing mdr32f9qx_rst_clk.o(.text.RST_CLK_ADCclkEnable), (28 bytes).
    Removing mdr32f9qx_rst_clk.o(.ARM.exidx.text.RST_CLK_ADCclkEnable), (8 bytes).
    Removing mdr32f9qx_rst_clk.o(.text.RST_CLK_HSIclkPrescaler), (20 bytes).
    Removing mdr32f9qx_rst_clk.o(.ARM.exidx.text.RST_CLK_HSIclkPrescaler), (8 bytes).
    Removing mdr32f9qx_rst_clk.o(.text.RST_CLK_RTC_HSIclkEnable), (28 bytes).
    Removing mdr32f9qx_rst_clk.o(.ARM.exidx.text.RST_CLK_RTC_HSIclkEnable), (8 bytes).
    Removing mdr32f9qx_rst_clk.o(.text.RST_CLK_HSEclkPrescaler), (20 bytes).
    Removing mdr32f9qx_rst_clk.o(.ARM.exidx.text.RST_CLK_HSEclkPrescaler), (8 bytes).
    Removing mdr32f9qx_rst_clk.o(.text.RST_CLK_RTC_HSEclkEnable), (28 bytes).
    Removing mdr32f9qx_rst_clk.o(.ARM.exidx.text.RST_CLK_RTC_HSEclkEnable), (8 bytes).
    Removing mdr32f9qx_rst_clk.o(.text.RST_CLK_CPUclkSelectionC1), (20 bytes).
    Removing mdr32f9qx_rst_clk.o(.ARM.exidx.text.RST_CLK_CPUclkSelectionC1), (8 bytes).
    Removing mdr32f9qx_rst_clk.o(.text.RST_CLK_GetClocksFreq), (276 bytes).
    Removing mdr32f9qx_rst_clk.o(.ARM.exidx.text.RST_CLK_GetClocksFreq), (8 bytes).

82 unused section(s) (total 2120 bytes) removed from the image.

==============================================================================

Image Symbol Table

    Local Symbols

    Symbol Name                              Value     Ov Type        Size  Object(Section)

    ../clib/angel/boardlib.s                 0x00000000   Number         0  boardinit1.o ABSOLUTE
    ../clib/angel/boardlib.s                 0x00000000   Number         0  boardinit2.o ABSOLUTE
    ../clib/angel/boardlib.s                 0x00000000   Number         0  boardinit3.o ABSOLUTE
    ../clib/angel/boardlib.s                 0x00000000   Number         0  boardshut.o ABSOLUTE
    ../clib/angel/handlers.s                 0x00000000   Number         0  __scatter_copy.o ABSOLUTE
    ../clib/angel/handlers.s                 0x00000000   Number         0  __scatter_zi.o ABSOLUTE
    ../clib/angel/kernel.s                   0x00000000   Number         0  __rtentry.o ABSOLUTE
    ../clib/angel/kernel.s                   0x00000000   Number         0  __rtentry2.o ABSOLUTE
    ../clib/angel/kernel.s                   0x00000000   Number         0  __rtentry4.o ABSOLUTE
    ../clib/angel/kernel.s                   0x00000000   Number         0  rtexit.o ABSOLUTE
    ../clib/angel/kernel.s                   0x00000000   Number         0  rtexit2.o ABSOLUTE
    ../clib/angel/rt.s                       0x00000000   Number         0  aeabi_idiv0.o ABSOLUTE
    ../clib/angel/rt.s                       0x00000000   Number         0  aeabi_idiv0_sigfpe.o ABSOLUTE
    ../clib/angel/rt.s                       0x00000000   Number         0  rt_div0.o ABSOLUTE
    ../clib/angel/rt.s                       0x00000000   Number         0  rt_raise.o ABSOLUTE
    ../clib/angel/scatterp.s                 0x00000000   Number         0  __scatter.o ABSOLUTE
    ../clib/angel/startup.s                  0x00000000   Number         0  __main.o ABSOLUTE
    ../clib/angel/sys.s                      0x00000000   Number         0  sys_stackheap_outer.o ABSOLUTE
    ../clib/angel/sys.s                      0x00000000   Number         0  libspace.o ABSOLUTE
    ../clib/angel/sys.s                      0x00000000   Number         0  tempstk.o ABSOLUTE
    ../clib/angel/sys.s                      0x00000000   Number         0  use_no_semi.o ABSOLUTE
    ../clib/angel/sys.s                      0x00000000   Number         0  indicate_semi.o ABSOLUTE
    ../clib/angel/sysapp.c                   0x00000000   Number         0  sys_exit.o ABSOLUTE
    ../clib/angel/sysapp.c                   0x00000000   Number         0  sys_exit_hlt.o ABSOLUTE
    ../clib/angel/sysapp.c                   0x00000000   Number         0  sys_wrch.o ABSOLUTE
    ../clib/angel/sysapp.c                   0x00000000   Number         0  sys_wrch_hlt.o ABSOLUTE
    ../clib/angel/sysapp.c                   0x00000000   Number         0  sys_command.o ABSOLUTE
    ../clib/angel/sysapp.c                   0x00000000   Number         0  sys_command_hlt.o ABSOLUTE
    ../clib/armsys.c                         0x00000000   Number         0  argv_veneer.o ABSOLUTE
    ../clib/armsys.c                         0x00000000   Number         0  _get_argv_nomalloc.o ABSOLUTE
    ../clib/armsys.c                         0x00000000   Number         0  no_argv.o ABSOLUTE
    ../clib/division.s                       0x00000000   Number         0  aeabi_sdivfast.o ABSOLUTE
    ../clib/division.s                       0x00000000   Number         0  aeabi_sdivfast_div0.o ABSOLUTE
    ../clib/heapalloc.c                      0x00000000   Number         0  hrguard.o ABSOLUTE
    ../clib/heapaux.c                        0x00000000   Number         0  heapauxi.o ABSOLUTE
    ../clib/libinit.s                        0x00000000   Number         0  libinit.o ABSOLUTE
    ../clib/libinit.s                        0x00000000   Number         0  libinit2.o ABSOLUTE
    ../clib/libinit.s                        0x00000000   Number         0  libshutdown.o ABSOLUTE
    ../clib/libinit.s                        0x00000000   Number         0  libshutdown2.o ABSOLUTE
    ../clib/signal.c                         0x00000000   Number         0  defsig_fpe_outer.o ABSOLUTE
    ../clib/signal.c                         0x00000000   Number         0  defsig_fpe_formal.o ABSOLUTE
    ../clib/signal.c                         0x00000000   Number         0  defsig_exit.o ABSOLUTE
    ../clib/signal.c                         0x00000000   Number         0  defsig_fpe_inner.o ABSOLUTE
    ../clib/signal.c                         0x00000000   Number         0  __raise.o ABSOLUTE
    ../clib/signal.c                         0x00000000   Number         0  defsig_general.o ABSOLUTE
    ../clib/signal.c                         0x00000000   Number         0  defsig_abrt_inner.o ABSOLUTE
    ../clib/signal.c                         0x00000000   Number         0  defsig_rtred_inner.o ABSOLUTE
    ../clib/signal.c                         0x00000000   Number         0  defsig_rtmem_inner.o ABSOLUTE
    ../clib/signal.c                         0x00000000   Number         0  defsig_rtmem_outer.o ABSOLUTE
    ../clib/signal.c                         0x00000000   Number         0  defsig_rtmem_formal.o ABSOLUTE
    ../clib/signal.c                         0x00000000   Number         0  defsig_stak_inner.o ABSOLUTE
    ../clib/signal.c                         0x00000000   Number         0  defsig_pvfn_inner.o ABSOLUTE
    ../clib/signal.c                         0x00000000   Number         0  defsig_cppl_inner.o ABSOLUTE
    ../clib/signal.c                         0x00000000   Number         0  defsig_segv_inner.o ABSOLUTE
    ../clib/signal.c                         0x00000000   Number         0  defsig_other.o ABSOLUTE
    ../clib/signal.s                         0x00000000   Number         0  defsig.o ABSOLUTE
    ../clib/stdlib.c                         0x00000000   Number         0  exit.o ABSOLUTE
    ../fplib/cfplib/fpinit.c                 0x00000000   Number         0  fpinit.o ABSOLUTE
    MDR32F9Qx_rst_clk.c                      0x00000000   Number         0  mdr32f9qx_rst_clk.o ABSOLUTE
    RTE\Device\MDR1986BE1T\startup_MDR1986VE1T.S 0x00000000   Number         0  startup_mdr1986ve1t.o ABSOLUTE
    dc.s                                     0x00000000   Number         0  dc.o ABSOLUTE
    system_MDR1986VE1T.c                     0x00000000   Number         0  system_mdr1986ve1t.o ABSOLUTE
    testFreqCpu.c                            0x00000000   Number         0  testfreqcpu.o ABSOLUTE
    RESET                                    0x00000000   Section      192  startup_mdr1986ve1t.o(RESET)
    !!!main                                  0x000000c0   Section        8  __main.o(!!!main)
    !!!scatter                               0x000000c8   Section       60  __scatter.o(!!!scatter)
    !!handler_copy                           0x00000104   Section       26  __scatter_copy.o(!!handler_copy)
    !!handler_zi                             0x00000120   Section       28  __scatter_zi.o(!!handler_zi)
    .ARM.Collect$$libinit$$00000000          0x0000013c   Section        2  libinit.o(.ARM.Collect$$libinit$$00000000)
    .ARM.Collect$$libinit$$00000002          0x0000013e   Section        0  libinit2.o(.ARM.Collect$$libinit$$00000002)
    .ARM.Collect$$libinit$$00000004          0x0000013e   Section        0  libinit2.o(.ARM.Collect$$libinit$$00000004)
    .ARM.Collect$$libinit$$0000000A          0x0000013e   Section        0  libinit2.o(.ARM.Collect$$libinit$$0000000A)
    .ARM.Collect$$libinit$$0000000C          0x0000013e   Section        0  libinit2.o(.ARM.Collect$$libinit$$0000000C)
    .ARM.Collect$$libinit$$0000000E          0x0000013e   Section        0  libinit2.o(.ARM.Collect$$libinit$$0000000E)
    .ARM.Collect$$libinit$$00000011          0x0000013e   Section        0  libinit2.o(.ARM.Collect$$libinit$$00000011)
    .ARM.Collect$$libinit$$00000013          0x0000013e   Section        0  libinit2.o(.ARM.Collect$$libinit$$00000013)
    .ARM.Collect$$libinit$$00000015          0x0000013e   Section        0  libinit2.o(.ARM.Collect$$libinit$$00000015)
    .ARM.Collect$$libinit$$00000017          0x0000013e   Section        0  libinit2.o(.ARM.Collect$$libinit$$00000017)
    .ARM.Collect$$libinit$$00000019          0x0000013e   Section        0  libinit2.o(.ARM.Collect$$libinit$$00000019)
    .ARM.Collect$$libinit$$0000001B          0x0000013e   Section        0  libinit2.o(.ARM.Collect$$libinit$$0000001B)
    .ARM.Collect$$libinit$$0000001D          0x0000013e   Section        0  libinit2.o(.ARM.Collect$$libinit$$0000001D)
    .ARM.Collect$$libinit$$0000001F          0x0000013e   Section        0  libinit2.o(.ARM.Collect$$libinit$$0000001F)
    .ARM.Collect$$libinit$$00000021          0x0000013e   Section        0  libinit2.o(.ARM.Collect$$libinit$$00000021)
    .ARM.Collect$$libinit$$00000023          0x0000013e   Section        0  libinit2.o(.ARM.Collect$$libinit$$00000023)
    .ARM.Collect$$libinit$$00000025          0x0000013e   Section        0  libinit2.o(.ARM.Collect$$libinit$$00000025)
    .ARM.Collect$$libinit$$0000002C          0x0000013e   Section        0  libinit2.o(.ARM.Collect$$libinit$$0000002C)
    .ARM.Collect$$libinit$$0000002E          0x0000013e   Section        0  libinit2.o(.ARM.Collect$$libinit$$0000002E)
    .ARM.Collect$$libinit$$00000030          0x0000013e   Section        0  libinit2.o(.ARM.Collect$$libinit$$00000030)
    .ARM.Collect$$libinit$$00000032          0x0000013e   Section        0  libinit2.o(.ARM.Collect$$libinit$$00000032)
    .ARM.Collect$$libinit$$00000033          0x0000013e   Section        2  libinit2.o(.ARM.Collect$$libinit$$00000033)
    .ARM.Collect$$libshutdown$$00000000      0x00000140   Section        2  libshutdown.o(.ARM.Collect$$libshutdown$$00000000)
    .ARM.Collect$$libshutdown$$00000002      0x00000142   Section        0  libshutdown2.o(.ARM.Collect$$libshutdown$$00000002)
    .ARM.Collect$$libshutdown$$00000004      0x00000142   Section        0  libshutdown2.o(.ARM.Collect$$libshutdown$$00000004)
    .ARM.Collect$$libshutdown$$00000007      0x00000142   Section        0  libshutdown2.o(.ARM.Collect$$libshutdown$$00000007)
    .ARM.Collect$$libshutdown$$0000000A      0x00000142   Section        0  libshutdown2.o(.ARM.Collect$$libshutdown$$0000000A)
    .ARM.Collect$$libshutdown$$0000000C      0x00000142   Section        0  libshutdown2.o(.ARM.Collect$$libshutdown$$0000000C)
    .ARM.Collect$$libshutdown$$0000000F      0x00000142   Section        0  libshutdown2.o(.ARM.Collect$$libshutdown$$0000000F)
    .ARM.Collect$$libshutdown$$00000010      0x00000142   Section        2  libshutdown2.o(.ARM.Collect$$libshutdown$$00000010)
    .ARM.Collect$$rtentry$$00000000          0x00000144   Section        0  __rtentry.o(.ARM.Collect$$rtentry$$00000000)
    .ARM.Collect$$rtentry$$00000002          0x00000144   Section        0  __rtentry2.o(.ARM.Collect$$rtentry$$00000002)
    .ARM.Collect$$rtentry$$00000004          0x00000144   Section        6  __rtentry4.o(.ARM.Collect$$rtentry$$00000004)
    .ARM.Collect$$rtentry$$00000009          0x0000014a   Section        0  __rtentry2.o(.ARM.Collect$$rtentry$$00000009)
    .ARM.Collect$$rtentry$$0000000A          0x0000014a   Section        4  __rtentry2.o(.ARM.Collect$$rtentry$$0000000A)
    .ARM.Collect$$rtentry$$0000000C          0x0000014e   Section        0  __rtentry2.o(.ARM.Collect$$rtentry$$0000000C)
    .ARM.Collect$$rtentry$$0000000D          0x0000014e   Section        8  __rtentry2.o(.ARM.Collect$$rtentry$$0000000D)
    .ARM.Collect$$rtexit$$00000000           0x00000156   Section        2  rtexit.o(.ARM.Collect$$rtexit$$00000000)
    .ARM.Collect$$rtexit$$00000002           0x00000158   Section        0  rtexit2.o(.ARM.Collect$$rtexit$$00000002)
    .ARM.Collect$$rtexit$$00000003           0x00000158   Section        4  rtexit2.o(.ARM.Collect$$rtexit$$00000003)
    .ARM.Collect$$rtexit$$00000004           0x0000015c   Section        6  rtexit2.o(.ARM.Collect$$rtexit$$00000004)
    .text                                    0x00000164   Section      116  startup_mdr1986ve1t.o(.text)
    .text                                    0x000001d8   Section        0  heapauxi.o(.text)
    .text                                    0x000001de   Section       62  sys_stackheap_outer.o(.text)
    .text                                    0x0000021c   Section        0  exit.o(.text)
    .text                                    0x0000022c   Section        8  libspace.o(.text)
    .text                                    0x00000234   Section        0  sys_exit.o(.text)
    .text                                    0x00000240   Section        2  use_no_semi.o(.text)
    .text                                    0x00000242   Section        0  indicate_semi.o(.text)
    [Anonymous Symbol]                       0x00000244   Section        0  mdr32f9qx_rst_clk.o(.text.RST_CLK_CPU_PLLstatus)
    __arm_cp.20_0                            0x0000026c   Number         4  mdr32f9qx_rst_clk.o(.text.RST_CLK_CPU_PLLstatus)
    [Anonymous Symbol]                       0x00000270   Section        0  mdr32f9qx_rst_clk.o(.text.RST_CLK_HSIcmd)
    [Anonymous Symbol]                       0x00000288   Section        0  mdr32f9qx_rst_clk.o(.text.RST_CLK_HSIstatus)
    __arm_cp.4_0                             0x000002b0   Number         4  mdr32f9qx_rst_clk.o(.text.RST_CLK_HSIstatus)
    [Anonymous Symbol]                       0x000002b4   Section        0  mdr32f9qx_rst_clk.o(.text.RST_CLK_PCLKcmd)
    [Anonymous Symbol]                       0x000002cc   Section        0  system_mdr1986ve1t.o(.text.SystemInit)
    __arm_cp.1_0                             0x0000035c   Number         4  system_mdr1986ve1t.o(.text.SystemInit)
    __arm_cp.1_1                             0x00000360   Number         4  system_mdr1986ve1t.o(.text.SystemInit)
    __arm_cp.1_2                             0x00000364   Number         4  system_mdr1986ve1t.o(.text.SystemInit)
    __arm_cp.1_3                             0x00000368   Number         4  system_mdr1986ve1t.o(.text.SystemInit)
    __arm_cp.1_4                             0x0000036c   Number         4  system_mdr1986ve1t.o(.text.SystemInit)
    [Anonymous Symbol]                       0x00000370   Section        0  testfreqcpu.o(.text.main)
    __arm_cp.0_0                             0x000003e4   Number         4  testfreqcpu.o(.text.main)
    __arm_cp.0_1                             0x000003e8   Number         4  testfreqcpu.o(.text.main)
    __arm_cp.0_2                             0x000003ec   Number         4  testfreqcpu.o(.text.main)
    __arm_cp.0_3                             0x000003f0   Number         4  testfreqcpu.o(.text.main)
    __arm_cp.0_4                             0x000003f4   Number         4  testfreqcpu.o(.text.main)
    .text_divfast                            0x000003f8   Section      502  aeabi_sdivfast.o(.text_divfast)
    .bss                                     0x20000008   Section       96  libspace.o(.bss)
    Heap_Mem                                 0x20000068   Data        4096  startup_mdr1986ve1t.o(HEAP)
    HEAP                                     0x20000068   Section     4096  startup_mdr1986ve1t.o(HEAP)
    Stack_Mem                                0x20001068   Data        4096  startup_mdr1986ve1t.o(STACK)
    STACK                                    0x20001068   Section     4096  startup_mdr1986ve1t.o(STACK)
    __initial_sp                             0x20002068   Data           0  startup_mdr1986ve1t.o(STACK)

    Global Symbols

    Symbol Name                              Value     Ov Type        Size  Object(Section)

    BuildAttributes$$THM_ISAv3M$S$PE$A:L22$X:L11$S22$IEEE1$IW$~IW$USESV6$~STKCKD$USESV7$~SHL$OTIME$ROPI$EBA8$UX$STANDARDLIB$REQ8$PRES8$EABIv2 0x00000000   Number         0  anon$$obj.o ABSOLUTE
    __Vectors                                0x00000000   Data           4  startup_mdr1986ve1t.o(RESET)
    __ARM_exceptions_init                     - Undefined Weak Reference
    __alloca_initialize                       - Undefined Weak Reference
    __arm_preinit_                            - Undefined Weak Reference
    __cpp_initialize__aeabi_                  - Undefined Weak Reference
    __cxa_finalize                            - Undefined Weak Reference
    __rt_locale                               - Undefined Weak Reference
    __sigvec_lookup                           - Undefined Weak Reference
    _atexit_init                              - Undefined Weak Reference
    _call_atexit_fns                          - Undefined Weak Reference
    _clock_init                               - Undefined Weak Reference
    _fp_trap_init                             - Undefined Weak Reference
    _fp_trap_shutdown                         - Undefined Weak Reference
    _get_lc_collate                           - Undefined Weak Reference
    _get_lc_ctype                             - Undefined Weak Reference
    _get_lc_monetary                          - Undefined Weak Reference
    _get_lc_numeric                           - Undefined Weak Reference
    _get_lc_time                              - Undefined Weak Reference
    _getenv_init                              - Undefined Weak Reference
    _handle_redirection                       - Undefined Weak Reference
    _init_alloc                               - Undefined Weak Reference
    _init_user_alloc                          - Undefined Weak Reference
    _initio                                   - Undefined Weak Reference
    _rand_init                                - Undefined Weak Reference
    _signal_finish                            - Undefined Weak Reference
    _signal_init                              - Undefined Weak Reference
    _terminate_alloc                          - Undefined Weak Reference
    _terminate_user_alloc                     - Undefined Weak Reference
    _terminateio                              - Undefined Weak Reference
    __main                                   0x000000c1   Thumb Code     8  __main.o(!!!main)
    __scatterload                            0x000000c9   Thumb Code     0  __scatter.o(!!!scatter)
    __scatterload_rt2                        0x000000c9   Thumb Code    52  __scatter.o(!!!scatter)
    __scatterload_rt2_thumb_only             0x000000c9   Thumb Code     0  __scatter.o(!!!scatter)
    __scatterload_null                       0x000000d9   Thumb Code     0  __scatter.o(!!!scatter)
    __scatterload_copy                       0x00000105   Thumb Code    26  __scatter_copy.o(!!handler_copy)
    __scatterload_zeroinit                   0x00000121   Thumb Code    28  __scatter_zi.o(!!handler_zi)
    __rt_lib_init                            0x0000013d   Thumb Code     0  libinit.o(.ARM.Collect$$libinit$$00000000)
    __rt_lib_init_alloca_1                   0x0000013f   Thumb Code     0  libinit2.o(.ARM.Collect$$libinit$$0000002E)
    __rt_lib_init_argv_1                     0x0000013f   Thumb Code     0  libinit2.o(.ARM.Collect$$libinit$$0000002C)
    __rt_lib_init_atexit_1                   0x0000013f   Thumb Code     0  libinit2.o(.ARM.Collect$$libinit$$0000001B)
    __rt_lib_init_clock_1                    0x0000013f   Thumb Code     0  libinit2.o(.ARM.Collect$$libinit$$00000021)
    __rt_lib_init_cpp_1                      0x0000013f   Thumb Code     0  libinit2.o(.ARM.Collect$$libinit$$00000032)
    __rt_lib_init_exceptions_1               0x0000013f   Thumb Code     0  libinit2.o(.ARM.Collect$$libinit$$00000030)
    __rt_lib_init_fp_1                       0x0000013f   Thumb Code     0  libinit2.o(.ARM.Collect$$libinit$$00000002)
    __rt_lib_init_fp_trap_1                  0x0000013f   Thumb Code     0  libinit2.o(.ARM.Collect$$libinit$$0000001F)
    __rt_lib_init_getenv_1                   0x0000013f   Thumb Code     0  libinit2.o(.ARM.Collect$$libinit$$00000023)
    __rt_lib_init_heap_1                     0x0000013f   Thumb Code     0  libinit2.o(.ARM.Collect$$libinit$$0000000A)
    __rt_lib_init_lc_collate_1               0x0000013f   Thumb Code     0  libinit2.o(.ARM.Collect$$libinit$$00000011)
    __rt_lib_init_lc_ctype_1                 0x0000013f   Thumb Code     0  libinit2.o(.ARM.Collect$$libinit$$00000013)
    __rt_lib_init_lc_monetary_1              0x0000013f   Thumb Code     0  libinit2.o(.ARM.Collect$$libinit$$00000015)
    __rt_lib_init_lc_numeric_1               0x0000013f   Thumb Code     0  libinit2.o(.ARM.Collect$$libinit$$00000017)
    __rt_lib_init_lc_time_1                  0x0000013f   Thumb Code     0  libinit2.o(.ARM.Collect$$libinit$$00000019)
    __rt_lib_init_preinit_1                  0x0000013f   Thumb Code     0  libinit2.o(.ARM.Collect$$libinit$$00000004)
    __rt_lib_init_rand_1                     0x0000013f   Thumb Code     0  libinit2.o(.ARM.Collect$$libinit$$0000000E)
    __rt_lib_init_return                     0x0000013f   Thumb Code     0  libinit2.o(.ARM.Collect$$libinit$$00000033)
    __rt_lib_init_signal_1                   0x0000013f   Thumb Code     0  libinit2.o(.ARM.Collect$$libinit$$0000001D)
    __rt_lib_init_stdio_1                    0x0000013f   Thumb Code     0  libinit2.o(.ARM.Collect$$libinit$$00000025)
    __rt_lib_init_user_alloc_1               0x0000013f   Thumb Code     0  libinit2.o(.ARM.Collect$$libinit$$0000000C)
    __rt_lib_shutdown                        0x00000141   Thumb Code     0  libshutdown.o(.ARM.Collect$$libshutdown$$00000000)
    __rt_lib_shutdown_cpp_1                  0x00000143   Thumb Code     0  libshutdown2.o(.ARM.Collect$$libshutdown$$00000002)
    __rt_lib_shutdown_fp_trap_1              0x00000143   Thumb Code     0  libshutdown2.o(.ARM.Collect$$libshutdown$$00000007)
    __rt_lib_shutdown_heap_1                 0x00000143   Thumb Code     0  libshutdown2.o(.ARM.Collect$$libshutdown$$0000000F)
    __rt_lib_shutdown_return                 0x00000143   Thumb Code     0  libshutdown2.o(.ARM.Collect$$libshutdown$$00000010)
    __rt_lib_shutdown_signal_1               0x00000143   Thumb Code     0  libshutdown2.o(.ARM.Collect$$libshutdown$$0000000A)
    __rt_lib_shutdown_stdio_1                0x00000143   Thumb Code     0  libshutdown2.o(.ARM.Collect$$libshutdown$$00000004)
    __rt_lib_shutdown_user_alloc_1           0x00000143   Thumb Code     0  libshutdown2.o(.ARM.Collect$$libshutdown$$0000000C)
    __rt_entry                               0x00000145   Thumb Code     0  __rtentry.o(.ARM.Collect$$rtentry$$00000000)
    __rt_entry_presh_1                       0x00000145   Thumb Code     0  __rtentry2.o(.ARM.Collect$$rtentry$$00000002)
    __rt_entry_sh                            0x00000145   Thumb Code     0  __rtentry4.o(.ARM.Collect$$rtentry$$00000004)
    __rt_entry_li                            0x0000014b   Thumb Code     0  __rtentry2.o(.ARM.Collect$$rtentry$$0000000A)
    __rt_entry_postsh_1                      0x0000014b   Thumb Code     0  __rtentry2.o(.ARM.Collect$$rtentry$$00000009)
    __rt_entry_main                          0x0000014f   Thumb Code     0  __rtentry2.o(.ARM.Collect$$rtentry$$0000000D)
    __rt_entry_postli_1                      0x0000014f   Thumb Code     0  __rtentry2.o(.ARM.Collect$$rtentry$$0000000C)
    __rt_exit                                0x00000157   Thumb Code     0  rtexit.o(.ARM.Collect$$rtexit$$00000000)
    __rt_exit_ls                             0x00000159   Thumb Code     0  rtexit2.o(.ARM.Collect$$rtexit$$00000003)
    __rt_exit_prels_1                        0x00000159   Thumb Code     0  rtexit2.o(.ARM.Collect$$rtexit$$00000002)
    __rt_exit_exit                           0x0000015d   Thumb Code     0  rtexit2.o(.ARM.Collect$$rtexit$$00000004)
    Reset_Handler                            0x00000165   Thumb Code     8  startup_mdr1986ve1t.o(.text)
    NMI_Handler                              0x0000016d   Thumb Code     2  startup_mdr1986ve1t.o(.text)
    HardFault_Handler                        0x0000016f   Thumb Code     2  startup_mdr1986ve1t.o(.text)
    SVC_Handler                              0x00000171   Thumb Code     2  startup_mdr1986ve1t.o(.text)
    PendSV_Handler                           0x00000173   Thumb Code     2  startup_mdr1986ve1t.o(.text)
    SysTick_Handler                          0x00000175   Thumb Code     2  startup_mdr1986ve1t.o(.text)
    MIL_STD_1553B2_IRQHandler                0x00000177   Thumb Code     2  startup_mdr1986ve1t.o(.text)
    MIL_STD_1553B1_IRQHandler                0x00000179   Thumb Code     2  startup_mdr1986ve1t.o(.text)
    USB_IRQHandler                           0x0000017b   Thumb Code     2  startup_mdr1986ve1t.o(.text)
    CAN1_IRQHandler                          0x0000017d   Thumb Code     2  startup_mdr1986ve1t.o(.text)
    CAN2_IRQHandler                          0x0000017f   Thumb Code     2  startup_mdr1986ve1t.o(.text)
    DMA_IRQHandler                           0x00000181   Thumb Code     2  startup_mdr1986ve1t.o(.text)
    UART1_IRQHandler                         0x00000183   Thumb Code     2  startup_mdr1986ve1t.o(.text)
    UART2_IRQHandler                         0x00000185   Thumb Code     2  startup_mdr1986ve1t.o(.text)
    SSP1_IRQHandler                          0x00000187   Thumb Code     2  startup_mdr1986ve1t.o(.text)
    BUSY_IRQHandler                          0x00000189   Thumb Code     2  startup_mdr1986ve1t.o(.text)
    ARINC429R_IRQHandler                     0x0000018b   Thumb Code     2  startup_mdr1986ve1t.o(.text)
    POWER_IRQHandler                         0x0000018d   Thumb Code     2  startup_mdr1986ve1t.o(.text)
    WWDG_IRQHandler                          0x0000018f   Thumb Code     2  startup_mdr1986ve1t.o(.text)
    TIMER4_IRQHandler                        0x00000191   Thumb Code     2  startup_mdr1986ve1t.o(.text)
    TIMER1_IRQHandler                        0x00000193   Thumb Code     2  startup_mdr1986ve1t.o(.text)
    TIMER2_IRQHandler                        0x00000195   Thumb Code     2  startup_mdr1986ve1t.o(.text)
    TIMER3_IRQHandler                        0x00000197   Thumb Code     2  startup_mdr1986ve1t.o(.text)
    ADC_IRQHandler                           0x00000199   Thumb Code     2  startup_mdr1986ve1t.o(.text)
    ETHERNET_IRQHandler                      0x0000019b   Thumb Code     2  startup_mdr1986ve1t.o(.text)
    SSP3_IRQHandler                          0x0000019d   Thumb Code     2  startup_mdr1986ve1t.o(.text)
    SSP2_IRQHandler                          0x0000019f   Thumb Code     2  startup_mdr1986ve1t.o(.text)
    ARINC429T1_IRQHandler                    0x000001a1   Thumb Code     2  startup_mdr1986ve1t.o(.text)
    ARINC429T2_IRQHandler                    0x000001a3   Thumb Code     2  startup_mdr1986ve1t.o(.text)
    ARINC429T3_IRQHandler                    0x000001a5   Thumb Code     2  startup_mdr1986ve1t.o(.text)
    ARINC429T4_IRQHandler                    0x000001a7   Thumb Code     2  startup_mdr1986ve1t.o(.text)
    BKP_IRQHandler                           0x000001a9   Thumb Code     2  startup_mdr1986ve1t.o(.text)
    EXT_INT1_IRQHandler                      0x000001ab   Thumb Code     2  startup_mdr1986ve1t.o(.text)
    EXT_INT2_IRQHandler                      0x000001ad   Thumb Code     2  startup_mdr1986ve1t.o(.text)
    EXT_INT3_IRQHandler                      0x000001af   Thumb Code     2  startup_mdr1986ve1t.o(.text)
    EXT_INT4_IRQHandler                      0x000001b1   Thumb Code     2  startup_mdr1986ve1t.o(.text)
    __user_initial_stackheap                 0x000001b5   Thumb Code     0  startup_mdr1986ve1t.o(.text)
    __use_two_region_memory                  0x000001d9   Thumb Code     2  heapauxi.o(.text)
    __rt_heap_escrow$2region                 0x000001db   Thumb Code     2  heapauxi.o(.text)
    __rt_heap_expand$2region                 0x000001dd   Thumb Code     2  heapauxi.o(.text)
    __user_setup_stackheap                   0x000001df   Thumb Code    62  sys_stackheap_outer.o(.text)
    exit                                     0x0000021d   Thumb Code    16  exit.o(.text)
    __user_libspace                          0x0000022d   Thumb Code     8  libspace.o(.text)
    __user_perproc_libspace                  0x0000022d   Thumb Code     0  libspace.o(.text)
    __user_perthread_libspace                0x0000022d   Thumb Code     0  libspace.o(.text)
    _sys_exit                                0x00000235   Thumb Code     8  sys_exit.o(.text)
    __I$use$semihosting                      0x00000241   Thumb Code     0  use_no_semi.o(.text)
    __use_no_semihosting_swi                 0x00000241   Thumb Code     2  use_no_semi.o(.text)
    __semihosting_library_function           0x00000243   Thumb Code     0  indicate_semi.o(.text)
    RST_CLK_CPU_PLLstatus                    0x00000245   Thumb Code    40  mdr32f9qx_rst_clk.o(.text.RST_CLK_CPU_PLLstatus)
    RST_CLK_HSIcmd                           0x00000271   Thumb Code    24  mdr32f9qx_rst_clk.o(.text.RST_CLK_HSIcmd)
    RST_CLK_HSIstatus                        0x00000289   Thumb Code    40  mdr32f9qx_rst_clk.o(.text.RST_CLK_HSIstatus)
    RST_CLK_PCLKcmd                          0x000002b5   Thumb Code    24  mdr32f9qx_rst_clk.o(.text.RST_CLK_PCLKcmd)
    SystemInit                               0x000002cd   Thumb Code   144  system_mdr1986ve1t.o(.text.SystemInit)
    main                                     0x00000371   Thumb Code   116  testfreqcpu.o(.text.main)
    __aeabi_uidiv                            0x000003f9   Thumb Code    68  aeabi_sdivfast.o(.text_divfast)
    __aeabi_idiv                             0x0000043d   Thumb Code   434  aeabi_sdivfast.o(.text_divfast)
    Region$$Table$$Base                      0x000005f0   Number         0  anon$$obj.o(Region$$Table)
    Region$$Table$$Limit                     0x00000610   Number         0  anon$$obj.o(Region$$Table)
    SystemCoreClock                          0x20000000   Data           4  system_mdr1986ve1t.o(.data.SystemCoreClock)
    __libspace_start                         0x20000008   Data          96  libspace.o(.bss)
    __temporary_stack_top$libspace           0x20000068   Data           0  libspace.o(.bss)



==============================================================================

Memory Map of the image

  Image Entry point : 0x00000165

  Load Region LR_1 (Base: 0x00000000, Size: 0x00000614, Max: 0xffffffff, ABSOLUTE)

    Execution Region ER_RO (Exec base: 0x00000000, Load base: 0x00000000, Size: 0x00000610, Max: 0xffffffff, ABSOLUTE)

    Exec Addr    Load Addr    Size         Type   Attr      Idx    E Section Name        Object

    0x00000000   0x00000000   0x000000c0   Data   RO           18    RESET               startup_mdr1986ve1t.o
    0x000000c0   0x000000c0   0x00000008   Code   RO          132  * !!!main             c_p.l(__main.o)
    0x000000c8   0x000000c8   0x0000003c   Code   RO          307    !!!scatter          c_p.l(__scatter.o)
    0x00000104   0x00000104   0x0000001a   Code   RO          309    !!handler_copy      c_p.l(__scatter_copy.o)
    0x0000011e   0x0000011e   0x00000002   PAD
    0x00000120   0x00000120   0x0000001c   Code   RO          311    !!handler_zi        c_p.l(__scatter_zi.o)
    0x0000013c   0x0000013c   0x00000002   Code   RO          170    .ARM.Collect$$libinit$$00000000  c_p.l(libinit.o)
    0x0000013e   0x0000013e   0x00000000   Code   RO          184    .ARM.Collect$$libinit$$00000002  c_p.l(libinit2.o)
    0x0000013e   0x0000013e   0x00000000   Code   RO          186    .ARM.Collect$$libinit$$00000004  c_p.l(libinit2.o)
    0x0000013e   0x0000013e   0x00000000   Code   RO          189    .ARM.Collect$$libinit$$0000000A  c_p.l(libinit2.o)
    0x0000013e   0x0000013e   0x00000000   Code   RO          191    .ARM.Collect$$libinit$$0000000C  c_p.l(libinit2.o)
    0x0000013e   0x0000013e   0x00000000   Code   RO          193    .ARM.Collect$$libinit$$0000000E  c_p.l(libinit2.o)
    0x0000013e   0x0000013e   0x00000000   Code   RO          196    .ARM.Collect$$libinit$$00000011  c_p.l(libinit2.o)
    0x0000013e   0x0000013e   0x00000000   Code   RO          198    .ARM.Collect$$libinit$$00000013  c_p.l(libinit2.o)
    0x0000013e   0x0000013e   0x00000000   Code   RO          200    .ARM.Collect$$libinit$$00000015  c_p.l(libinit2.o)
    0x0000013e   0x0000013e   0x00000000   Code   RO          202    .ARM.Collect$$libinit$$00000017  c_p.l(libinit2.o)
    0x0000013e   0x0000013e   0x00000000   Code   RO          204    .ARM.Collect$$libinit$$00000019  c_p.l(libinit2.o)
    0x0000013e   0x0000013e   0x00000000   Code   RO          206    .ARM.Collect$$libinit$$0000001B  c_p.l(libinit2.o)
    0x0000013e   0x0000013e   0x00000000   Code   RO          208    .ARM.Collect$$libinit$$0000001D  c_p.l(libinit2.o)
    0x0000013e   0x0000013e   0x00000000   Code   RO          210    .ARM.Collect$$libinit$$0000001F  c_p.l(libinit2.o)
    0x0000013e   0x0000013e   0x00000000   Code   RO          212    .ARM.Collect$$libinit$$00000021  c_p.l(libinit2.o)
    0x0000013e   0x0000013e   0x00000000   Code   RO          214    .ARM.Collect$$libinit$$00000023  c_p.l(libinit2.o)
    0x0000013e   0x0000013e   0x00000000   Code   RO          216    .ARM.Collect$$libinit$$00000025  c_p.l(libinit2.o)
    0x0000013e   0x0000013e   0x00000000   Code   RO          220    .ARM.Collect$$libinit$$0000002C  c_p.l(libinit2.o)
    0x0000013e   0x0000013e   0x00000000   Code   RO          222    .ARM.Collect$$libinit$$0000002E  c_p.l(libinit2.o)
    0x0000013e   0x0000013e   0x00000000   Code   RO          224    .ARM.Collect$$libinit$$00000030  c_p.l(libinit2.o)
    0x0000013e   0x0000013e   0x00000000   Code   RO          226    .ARM.Collect$$libinit$$00000032  c_p.l(libinit2.o)
    0x0000013e   0x0000013e   0x00000002   Code   RO          227    .ARM.Collect$$libinit$$00000033  c_p.l(libinit2.o)
    0x00000140   0x00000140   0x00000002   Code   RO          262    .ARM.Collect$$libshutdown$$00000000  c_p.l(libshutdown.o)
    0x00000142   0x00000142   0x00000000   Code   RO          290    .ARM.Collect$$libshutdown$$00000002  c_p.l(libshutdown2.o)
    0x00000142   0x00000142   0x00000000   Code   RO          292    .ARM.Collect$$libshutdown$$00000004  c_p.l(libshutdown2.o)
    0x00000142   0x00000142   0x00000000   Code   RO          295    .ARM.Collect$$libshutdown$$00000007  c_p.l(libshutdown2.o)
    0x00000142   0x00000142   0x00000000   Code   RO          298    .ARM.Collect$$libshutdown$$0000000A  c_p.l(libshutdown2.o)
    0x00000142   0x00000142   0x00000000   Code   RO          300    .ARM.Collect$$libshutdown$$0000000C  c_p.l(libshutdown2.o)
    0x00000142   0x00000142   0x00000000   Code   RO          303    .ARM.Collect$$libshutdown$$0000000F  c_p.l(libshutdown2.o)
    0x00000142   0x00000142   0x00000002   Code   RO          304    .ARM.Collect$$libshutdown$$00000010  c_p.l(libshutdown2.o)
    0x00000144   0x00000144   0x00000000   Code   RO          134    .ARM.Collect$$rtentry$$00000000  c_p.l(__rtentry.o)
    0x00000144   0x00000144   0x00000000   Code   RO          140    .ARM.Collect$$rtentry$$00000002  c_p.l(__rtentry2.o)
    0x00000144   0x00000144   0x00000006   Code   RO          152    .ARM.Collect$$rtentry$$00000004  c_p.l(__rtentry4.o)
    0x0000014a   0x0000014a   0x00000000   Code   RO          142    .ARM.Collect$$rtentry$$00000009  c_p.l(__rtentry2.o)
    0x0000014a   0x0000014a   0x00000004   Code   RO          143    .ARM.Collect$$rtentry$$0000000A  c_p.l(__rtentry2.o)
    0x0000014e   0x0000014e   0x00000000   Code   RO          145    .ARM.Collect$$rtentry$$0000000C  c_p.l(__rtentry2.o)
    0x0000014e   0x0000014e   0x00000008   Code   RO          146    .ARM.Collect$$rtentry$$0000000D  c_p.l(__rtentry2.o)
    0x00000156   0x00000156   0x00000002   Code   RO          175    .ARM.Collect$$rtexit$$00000000  c_p.l(rtexit.o)
    0x00000158   0x00000158   0x00000000   Code   RO          233    .ARM.Collect$$rtexit$$00000002  c_p.l(rtexit2.o)
    0x00000158   0x00000158   0x00000004   Code   RO          234    .ARM.Collect$$rtexit$$00000003  c_p.l(rtexit2.o)
    0x0000015c   0x0000015c   0x00000006   Code   RO          235    .ARM.Collect$$rtexit$$00000004  c_p.l(rtexit2.o)
    0x00000162   0x00000162   0x00000002   PAD
    0x00000164   0x00000164   0x00000074   Code   RO           19  * .text               startup_mdr1986ve1t.o
    0x000001d8   0x000001d8   0x00000006   Code   RO          130    .text               c_p.l(heapauxi.o)
    0x000001de   0x000001de   0x0000003e   Code   RO          156    .text               c_p.l(sys_stackheap_outer.o)
    0x0000021c   0x0000021c   0x00000010   Code   RO          159    .text               c_p.l(exit.o)
    0x0000022c   0x0000022c   0x00000008   Code   RO          171    .text               c_p.l(libspace.o)
    0x00000234   0x00000234   0x0000000c   Code   RO          228    .text               c_p.l(sys_exit.o)
    0x00000240   0x00000240   0x00000002   Code   RO          251    .text               c_p.l(use_no_semi.o)
    0x00000242   0x00000242   0x00000000   Code   RO          253    .text               c_p.l(indicate_semi.o)
    0x00000242   0x00000242   0x00000002   PAD
    0x00000244   0x00000244   0x0000002c   Code   RO           79    .text.RST_CLK_CPU_PLLstatus  mdr32f9qx_rst_clk.o
    0x00000270   0x00000270   0x00000018   Code   RO           45    .text.RST_CLK_HSIcmd  mdr32f9qx_rst_clk.o
    0x00000288   0x00000288   0x0000002c   Code   RO           47    .text.RST_CLK_HSIstatus  mdr32f9qx_rst_clk.o
    0x000002b4   0x000002b4   0x00000018   Code   RO           43    .text.RST_CLK_PCLKcmd  mdr32f9qx_rst_clk.o
    0x000002cc   0x000002cc   0x000000a4   Code   RO           28    .text.SystemInit    system_mdr1986ve1t.o
    0x00000370   0x00000370   0x00000088   Code   RO            2    .text.main          testfreqcpu.o
    0x000003f8   0x000003f8   0x000001f6   Code   RO          123    .text_divfast       c_p.l(aeabi_sdivfast.o)
    0x000005ee   0x000005ee   0x00000002   PAD
    0x000005f0   0x000005f0   0x00000020   Data   RO          306    Region$$Table       anon$$obj.o


    Execution Region ER_RW (Exec base: 0x20000000, Load base: 0x00000610, Size: 0x00000004, Max: 0xffffffff, ABSOLUTE)

    Exec Addr    Load Addr    Size         Type   Attr      Idx    E Section Name        Object

    0x20000000   0x00000610   0x00000004   Data   RW           30    .data.SystemCoreClock  system_mdr1986ve1t.o


    Execution Region ER_ZI (Exec base: 0x20000008, Load base: 0x00000614, Size: 0x00002060, Max: 0xffffffff, ABSOLUTE)

    Exec Addr    Load Addr    Size         Type   Attr      Idx    E Section Name        Object

    0x20000008        -       0x00000060   Zero   RW          172    .bss                c_p.l(libspace.o)
    0x20000068        -       0x00001000   Zero   RW           17    HEAP                startup_mdr1986ve1t.o
    0x20001068        -       0x00001000   Zero   RW           16    STACK               startup_mdr1986ve1t.o


==============================================================================

Image component sizes


      Code (inc. data)   RO Data    RW Data    ZI Data      Debug   Object Name

       136          8          0          0          0      16015   mdr32f9qx_rst_clk.o
       116         28        192          0       8192       1972   startup_mdr1986ve1t.o
       164         20          0          4          0       2171   system_mdr1986ve1t.o
       136         20          0          0          0       3251   testfreqcpu.o

    ----------------------------------------------------------------------
       552         76        224          4       8192      23409   Object Totals
         0          0         32          0          0          0   (incl. Generated)
         0          0          0          0          0          0   (incl. Padding)

    ----------------------------------------------------------------------

      Code (inc. data)   RO Data    RW Data    ZI Data      Debug   Library Member Name

         8          0          0          0          0         68   __main.o
         0          0          0          0          0          0   __rtentry.o
        12          0          0          0          0          0   __rtentry2.o
         6          0          0          0          0          0   __rtentry4.o
        60          8          0          0          0          0   __scatter.o
        26          0          0          0          0          0   __scatter_copy.o
        28          0          0          0          0          0   __scatter_zi.o
       502          0          0          0          0         92   aeabi_sdivfast.o
        16          0          0          0          0         68   exit.o
         6          0          0          0          0        136   heapauxi.o
         0          0          0          0          0          0   indicate_semi.o
         2          0          0          0          0          0   libinit.o
         2          0          0          0          0          0   libinit2.o
         2          0          0          0          0          0   libshutdown.o
         2          0          0          0          0          0   libshutdown2.o
         8          4          0          0         96         68   libspace.o
         2          0          0          0          0          0   rtexit.o
        10          0          0          0          0          0   rtexit2.o
        12          4          0          0          0         60   sys_exit.o
        62          0          0          0          0         80   sys_stackheap_outer.o
         2          0          0          0          0         68   use_no_semi.o

    ----------------------------------------------------------------------
       776         16          0          0         96        640   Library Totals
         8          0          0          0          0          0   (incl. Padding)

    ----------------------------------------------------------------------

      Code (inc. data)   RO Data    RW Data    ZI Data      Debug   Library Name

       768         16          0          0         96        640   c_p.l

    ----------------------------------------------------------------------
       776         16          0          0         96        640   Library Totals

    ----------------------------------------------------------------------

==============================================================================


      Code (inc. data)   RO Data    RW Data    ZI Data      Debug   

      1328         92        224          4       8288      23865   Grand Totals
      1328         92        224          4       8288      23865   ELF Image Totals
      1328         92        224          4          0          0   ROM Totals

==============================================================================

    Total RO  Size (Code + RO Data)                 1552 (   1.52kB)
    Total RW  Size (RW Data + ZI Data)              8292 (   8.10kB)
    Total ROM Size (Code + RO Data + RW Data)       1556 (   1.52kB)

==============================================================================

